../Core/Inc/ds18b20.h:15:9:reset_ds18b20	2
../Core/Inc/ds18b20.h:32:9:read_bit_ds18b20	1
../Core/Inc/ds18b20.h:44:9:read_byte_ds18b20	2
../Core/Inc/ds18b20.h:56:6:write_bit_ds18b20	2
../Core/Inc/ds18b20.h:73:6:write_byte_ds18b20	2
../Core/Inc/ds18b20.h:82:9:init_ds18b20	6
../Core/Inc/ds18b20.h:114:6:measure_cmd_ds18b20	1
../Core/Inc/ds18b20.h:122:6:read_stratcpad_ds18b20	2
../Core/Inc/ds18b20.h:140:9:get_sign_ds18b20	2
../Core/Inc/ds18b20.h:147:7:ds18b20_Convert	1
../Core/Inc/ds18b20.h:158:6:delay_us	2
../Core/Src/main.c:82:6:HAL_UART_RxCpltCallback	2
../Core/Src/main.c:91:6:HAL_TIM_PeriodElapsedCallback	4
../Core/Src/main.c:122:5:main	6
../Core/Src/main.c:225:6:SystemClock_Config	3
../Core/Src/main.c:268:6:Error_Handler	1
